// Jest Snapshot v1, https://goo.gl/fbAQLP

exports[`renders correctly 1`] = `<div id="container">Hey, it is a child component content</div>`;
